<html>
<body>
<pre>
<h1>µVision Build Log</h1>
<h2>Project:</h2>
C:\UTRACK\PROJECTS\TRACKER_V2_0\trk_v2_multi\boot\boot.uvproj
Project File Date:  12/03/2012

<h2>Output:</h2>
Build target 'bootSector'
compiling core_cm3.c...
compiling system_stm32f10x.c...
compiling main.c...
compiling stm32f10x_it.c...
compiling ftp.c...
compiling gprs_modem.cpp...
compiling fifo.c...
compiling button.c...
compiling dio_led.c...
compiling ABS_ADDRESS.c...
compiling misc.c...
compiling stm32f10x_flash.c...
compiling stm32f10x_crc.c...
compiling stm32f10x_gpio.c...
compiling stm32f10x_rcc.c...
compiling stm32f10x_usart.c...
linking...
Program Size: Code=4372 RO-data=340 RW-data=72 ZI-data=56608  
FromELF: creating hex file...
User command #2: FromElf.exe --bin --output Obj\bootloader.bin Obj\bootloader.axf
".\Obj\bootloader.axf" - 0 Error(s), 0 Warning(s).
Load "C:\\UTRACK\\PROJECTS\\TRACKER_V2_0\\trk_v2_multi\\boot\\Obj\\bootloader.AXF" 
* JLink Info: Device "STM32F103VG" selected (1024 KB flash, 96 KB RAM).
Set JLink Project File to "C:\UTRACK\PROJECTS\TRACKER_V2_0\trk_v2_multi\boot\JLinkSettings.ini"
 
JLink info:
------------
DLL: V4.56d, compiled Nov 12 2012 20:40:34
Firmware: J-Link ARM V8 compiled Sep 20 2012 13:27:01
Hardware: V8.00
S/N : 12345678 
Feature(s) : RDI,FlashDL,FlashBP,JFlash,GDBFull 
 
* JLink Info: Found SWD-DP with ID 0x1BA01477
* JLink Info: Found SWD-DP with ID 0x1BA01477
* JLink Info: TPIU fitted.
* JLink Info: ETM fitted.
* JLink Info: FPUnit: 6 code (BP) slots and 2 literal slots
* JLink Info: Found Cortex-M3 r1p1, Little endian.
ROMTableAddr = 0xE00FF003
 
Target info:
------------
Device: STM32F103VG
VTarget = 3.313V
State of Pins: 
TCK: 0, TDI: 1, TDO: 1, TMS: 1, TRES: 1, TRST: 1
Hardware-Breakpoints: 6
Software-Breakpoints: 8192
Watchpoints:          4
JTAG speed: 2000 kHz
 
Erase Done.
Programming Done.
Verify OK.
Application running ...
